
> crablearn@1.0.0 api:dev
> nodemon server/index.js

[33m[nodemon] 3.1.14[39m
[33m[nodemon] to restart at any time, enter `rs`[39m
[33m[nodemon] watching path(s): *.*[39m
[33m[nodemon] watching extensions: js,mjs,cjs,json[39m
[32m[nodemon] starting `node server/index.js`[39m
◇ injected env (1) from .env // tip: ⌘ custom filepath { path: '/custom/path/.env' }
Database query error: UNIQUE constraint failed: students.phone
Database query error: UNIQUE constraint failed: students.phone
crablearn API listening on http://localhost:4000
Data stored in: crablearn-data.json
[32m[nodemon] restarting due to changes...[39m
[32m[nodemon] starting `node server/index.js`[39m

> crablearn@1.0.0 api:dev
> nodemon server/index.js

[33m[nodemon] 3.1.14[39m
[33m[nodemon] to restart at any time, enter `rs`[39m
[33m[nodemon] watching path(s): *.*[39m
[33m[nodemon] watching extensions: js,mjs,cjs,json[39m
[32m[nodemon] starting `node server/index.js`[39m
◇ injected env (1) from .env // tip: ⌁ auth for agents [www.vestauth.com]
Database query error: UNIQUE constraint failed: students.phone
Database query error: UNIQUE constraint failed: students.phone
crablearn API listening on http://localhost:4000
Data stored in: crablearn-data.json
[32m[nodemon] restarting due to changes...[39m
[32m[nodemon] starting `node server/index.js`[39m
◇ injected env (1) from .env // tip: ◈ encrypted .env [www.dotenvx.com]
Database query error: UNIQUE constraint failed: students.phone
Database query error: UNIQUE constraint failed: students.phone
crablearn API listening on http://localhost:4000
Data stored in: crablearn-data.json

> crablearn@1.0.0 api:dev
> nodemon server/index.js

[33m[nodemon] 3.1.14[39m
[33m[nodemon] to restart at any time, enter `rs`[39m
[33m[nodemon] watching path(s): *.*[39m
[33m[nodemon] watching extensions: js,mjs,cjs,json[39m
[32m[nodemon] starting `node server/index.js`[39m
◇ injected env (1) from .env // tip: ⌘ override existing { override: true }
Database query error: UNIQUE constraint failed: students.phone
Database query error: UNIQUE constraint failed: students.phone
crablearn API listening on http://localhost:4000
Data stored in: crablearn-data.json
[32m[nodemon] restarting child process[39m
[32m[nodemon] starting `node server/index.js`[39m
◇ injected env (1) from .env // tip: ⌘ override existing { override: true }
Database query error: UNIQUE constraint failed: students.phone
Database query error: UNIQUE constraint failed: students.phone
crablearn API listening on http://localhost:4000
Data stored in: crablearn-data.json
^C^C
> crablearn@1.0.0 api:dev
> nodemon server/index.js

[33m[nodemon] 3.1.14[39m
[33m[nodemon] to restart at any time, enter `rs`[39m
[33m[nodemon] watching path(s): *.*[39m
[33m[nodemon] watching extensions: js,mjs,cjs,json[39m
[32m[nodemon] starting `node server/index.js`[39m
◇ injected env (1) from .env // tip: ⌁ auth for agents [www.vestauth.com]
Database query error: UNIQUE constraint failed: students.phone
Database query error: UNIQUE constraint failed: students.phone
crablearn API listening on http://localhost:4000
Data stored in: crablearn-data.json
[32m[nodemon[32m[nodemon] restarting due to changes...[39m
[32m[nodemon] starting `node server/index.js`[39m
◇ injected env (1) from .env // tip: ⌘ multiple files { path: ['.env.local', '.env'] }
Database query error: UNIQUE constraint failed: students.phone
Database query error: UNIQUE constraint failed: students.phone
crablearn API listening on http://localhost:4000
Data stored in: crablearn-data.json
[32m[nodemon] clean exit - waiting for changes before restart[39m

> crablearn@1.0.0 api:dev
> nodemon server/index.js

[33m[nodemon] 3.1.14[39m
[33m[nodemon] to restart at any time, enter `rs`[39m
[33m[nodemon] watching path(s): *.*[39m
[33m[nodemon] watching extensions: js,mjs,cjs,json[39m
[32m[nodemon] starting `node server/index.js`[39m
◇ injected env (1) from .env // tip: ⌘ enable debugging { debug: true }
Database query error: UNIQUE [32m[nodemon] restarting due to changes...[39m
[32m[nodemon] restarting due to changes...[39m
[32m[nodemon] starting `node server/index.js`[39m
◇ injected env (1) from .env // tip: ⌘ override existing { override: true }
Database query error: UNIQUE constraint failed: students.phone
Database query error: UNIQUE constraint failed: students.phone
crablearn API listening on http://localhost:4000
Data stored in: crablearn-data.json
[32m[nodemon] restarting due to changes...[39m
[32m[nodemon] restarting due to changes...[39m
[32m[nodemon] starting `node server/index.js`[39m
◇ injected env (1) from .env // tip: ⌘ multiple files { path: ['.env.local', '.env'] }
Database query error: UNIQUE constraint failed: students.phone
Database query error: UNIQUE constraint failed: students.phone
crablearn API listening on http://localhost:4000
Data stored in: crablearn-data.json
[32m[nodemon] clean exit - waiting for changes before restart[39m
[32m[nodemon] restarting due to changes...[39m
[32m[nodemon] starting `node server/index.js`[39m
◇ injected env (1) from .env // tip: ⌁ auth for agents [www.vestauth.com]
Database query error: UNIQUE constraint failed: students.phone
Database query error: UNIQUE constraint failed: students.phone
crablearn API listening on http://localhost:4000
Data stored in: crablearn-data.json
[32m[nodemon] restarting due to changes...[39m
[32m[nodemon] starting `node server/index.js`[39m
◇ injected env (1) from .env // tip: ◈ secrets for agents [www.dotenvx.com]
Database query error: UNIQUE constraint failed: students.phone
Database query error: UNIQUE constraint failed: students.phone
crablearn API listening on http://localhost:4000
Data stored in: crablearn-data.json
[32m[nodemon] restarting due to changes...[39m
[32m[nodemon] starting `node server/index.js`[39m
◇ injected env (1) from .env // tip: ⌘ override existing { override: true }
Database query error: UNIQUE constraint failed: students.phone
Database query error: UNIQUE constraint failed: students.phone
crablearn API listening on http://localhost:4000
Data stored in: crablearn-data.json
[32m[nodemon] clean exit - waiting for changes before restart[39m
[32m[nodemon] restarting due to changes...[39m
[32m[nodemon] starting `node server/index.js`[39m
◇ injected env (1) from .env // tip: ◈ encrypted .env [www.dotenvx.com]
Database query error: UNIQUE constraint failed: students.phone
Database query error: UNIQUE constraint failed: students.phone
crablearn API listening on http://localhost:4000
Data stored in: crablearn-data.json
[31m[nodemon] app crashed - waiting for file changes before starting...[39m
[32m[nodemon] restarting child process[39m
[32m[nodemon] starting `node server/index.js`[39m
◇ injected env (1) from .env // tip: ⌁ auth for agents [www.vestauth.com]
Database query error: UNIQUE constraint failed: students.phone
Database query error: UNIQUE constraint failed: students.phone
crablearn API listening on http://localhost:4000
Data stored in: crablearn-data.json
^C`node server/index.js`[39m
◇ injected env (1) from .env // tip: ◈ encrypted .env [www.dotenvx.com]
Database query error: UNIQUE constraint failed: students.phone
Database query error: UNIQUE constraint failed: students.phone
crablearn API listening on http://localhost:4000
Data stored in: crablearn-data.json
[32m[nodemon] clean exit - waiting for changes before restart[39m
[32m[nodemon] restarting child process[39m
[32m[nodemon] starting `node server/index.js`[39m
◇ injected env (1) from .env // tip: ⌘ multiple files { path: ['.env.local', '.env'] }
Database query error: UNIQUE constraint failed: students.phone
Database query error: UNIQUE constraint failed: students.phone
crablearn API listening on http://localhost:4000
Data stored in: crablearn-data.json
[32m[nodemon] clean exit - waiting for changes before restart[39m
^C^C
> crablearn@1.0.0 api:dev
> nodemon server/index.js

[33m[nodemon] 3.1.14[39m
[33m[nodemon] to restart at any time, enter `rs`[39m
[33m[nodemon] watching path(s): *.*[39m
[33m[nodemon] watching extensions: js,mjs,cjs,json[39m
[32m[nodemon] starting `node server/index.js`[39m
◇ injected env (1) from .env // tip: ⌁ auth for agents [www.vestauth.com]
Database query error: UNIQUE constraint failed: students.phone
Database query error: UNIQUE constraint failed: students.phone
crablearn API listening on http://localhost:4000
Data stored in: crablearn-data.json
SyntaxError: Expected property name or '}' in JSON at position 1 (line 1 column 2)
    at JSON.parse (<anonymous>)
    at parse (D:\projects\node_modules\body-parser\lib\types\json.js:91:21)
    at D:\projects\node_modules\body-parser\lib\read.js:162:18
    at AsyncResource.runInAsyncScope (node:async_hooks:227:14)
    at invokeCallback (D:\projects\node_modules\raw-body\index.js:238:16)
    at done (D:\projects\node_modules\raw-body\index.js:227:7)
    at IncomingMessage.onEnd (D:\projects\node_modules\raw-body\index.js:287:7)
    at IncomingMessage.emit (node:events:509:28)
    at endReadableNT (node:internal/streams/readable:1729:12)
    at process.processTicksAndRejections (node:internal/process/task_queues:90:21)
SyntaxError: Expected property name or '}' in JSON at position 1 (line 1 column 2)
    at JSON.parse (<anonymous>)
    at parse (D:\projects\node_modules\body-parser\lib\types\json.js:91:21)
    at D:\projects\node_modules\body-parser\lib\read.js:162:18
    at AsyncResource.runInAsyncScope (node:async_hooks:227:14)
    at invokeCallback (D:\projects\node_modules\raw-body\index.js:238:16)
    at done (D:\projects\node_modules\raw-body\index.js:227:7)
    at IncomingMessage.onEnd (D:\projects\node_modules\raw-body\index.js:287:7)
    at IncomingMessage.emit (node:events:509:28)
    at endReadableNT (node:internal/streams/readable:1729:12)
    at process.processTicksAndRejections (node:internal/process/task_queues:90:21)
SyntaxError: Expected property name or '}' in JSON at position 1 (line 1 column 2)
    at JSON.parse (<anonymous>)
    at parse (D:\projects\node_modules\body-parser\lib\types\json.js:91:21)
    at D:\projects\node_modules\body-parser\lib\read.js:162:18
    at AsyncResource.runInAsyncScope (node:async_hooks:227:14)
    at invokeCallback (D:\projects\node_modules\raw-body\index.js:238:16)
    at done (D:\projects\node_modules\raw-body\index.js:227:7)
    at IncomingMessage.onEnd (D:\projects\node_modules\raw-body\index.js:287:7)
    at IncomingMessage.emit (node:events:509:28)
    at endReadableNT (node:internal/streams/readable:1729:12)
    at process.processTicksAndRejections (node:internal/process/task_queues:90:21)
Login attempt with phone: 8004994769 password: demo-password
Query result: {
  rows: [
    {
      id: 1,
      full_name: 'Tanisha',
      phone: '8004994769',
      password: 'demo-password',
      status: 'approved',
      role: 'student',
      created_at: '2026-07-25T16:37:34.488Z'
    }
  ],
  rowCount: 1
}
Login attempt with phone: 9000000000 password: admin@123
Query result: {
  rows: [
    {
      id: 2,
      full_name: 'Admin User',
      phone: '9000000000',
      password: 'admin@123',
      status: 'approved',
      role: 'admin',
      created_at: '2026-07-25T17:00:00.000Z'
    }
  ],
  rowCount: 1
}
Login attempt with phone: 8004994769 password: demo-password
Query result: {
  rows: [
    {
      id: 1,
      full_name: 'Tanisha',
      phone: '8004994769',
      password: 'demo-password',
      status: 'approved',
      role: 'student',
      created_at: '2026-07-25T16:37:34.488Z'
    }
  ],
  rowCount: 1
}
